package example_with_resources

import (
	sql "database/sql"
)

type Resources interface {
	GetMyInt() int
	GetAFloat() float64
	GetSomeDBConnection() *sql.DB
}

func (r *resources) GetMyInt() int {

	return r.myInt
}

func (r *resources) GetAFloat() float64 {

	return r.aFloat
}

func (r *resources) GetSomeDBConnection() *sql.DB {

	return r.someDBConnection
}

